[40m[2J[21C[0;1;31mлпм л  л лм  л лпп  лппм лпп  лн л   лм мл мппп
[2;1H[0;31mЭЭЭЭЭЭЭЭЭЭЭЭЭЭЭЭЭЭЭЭЭ[1mл л[0;31mЭ[1mл  л[0;31mЭ[1mл л[s
[u л[0;31mЭ[1mлп[0;31mЭЭЭ[1mлммп[0;31mЭ[1mлп[0;31mЭЭ[1mонл[s
[u[0;31mЭ[1mл[0;31mЭЭЭ[1mл л л[0;31mЭЭ[1mпм[0;31mЭЭЭЭЭЭЭЭЭЭ
[3;1H њ њ њ њ њ њ њ њ њ њ [1mлмп пммп л  пл лмм  л  л лмм лпонлмм л   [s
[uл мммп[4;1H[33mлллл[41mВ[40mмм[5;1Hлл[41mВ[40mлллллм[6;1H[s
[u[41mВ[40mллллл[41mВ[40mллллм[7;1Hллллллл[41mВ[40mлллллм[8;1Hл[s
[uлл[41mВ[40mлллл[41mВ[40mлллллл[9;1Hлллл[41mВБВВ[40mлл[s
[u[41mВ[40mлллл[41mВ[11C[37;40mHe who controls the [33mspice [s
[u[37mcontrols the universe![10;1H[33mлллл[41mВВБВ[40mллл[s
[u[41mВ[40mлл[41mВ[40mлл[11;1Hлллллл[41mВ[40mлллллл[41mВ[40m[s
[u[40mлллл[12;1H[41mВ[40mлллллллл[41mВ[40mлл[41mВ[40mлллллн
[13;1Hл[41mВ[40mлллллл[41mВ[40mлллллллллл[14;1Hлл[41mБ[40mлллл[s
[u[41mВ[40mллллллллллл[15;1H[0m
