 Length  Method   Size  Ratio   Date    Time    CRC-32  Attr  Name
 ------  ------   ----- -----   ----    ----   -------- ----  ----
  22981  DeflatX   5316  77%  05-12-95  09:59  10375e32 --w-  BATCH.C
  22915  DeflatX   5368  77%  07-15-95  10:02  f70dd930 --w-  BBS.C
  28873  DeflatX   7423  75%  04-25-95  19:34  998e8786 --w-  BBSOVL1.C
  28583  DeflatX   6198  79%  04-25-95  19:34  49f92909 --w-  BBSOVL2.C
  49801  DeflatX   8960  83%  05-28-95  06:08  c56cfa43 --w-  BBSOVL3.C
  21356  DeflatX   5696  74%  06-25-95  08:08  5aec1cb4 --w-  BBSUTL.C
  20101  DeflatX   5598  73%  08-12-95  20:10  a8616f69 --w-  BBSUTL1.C
   4648  DeflatX   1634  65%  04-25-95  19:34  f523c7e2 --w-  BBSUTL2.C
  10393  DeflatX   2449  77%  04-25-95  19:34  f8a98e28 --w-  CHNEDIT.C
  42118  DeflatX  10239  76%  05-30-95  18:57  490bd0fc --w-  COM.C
  36887  DeflatX   7745  80%  05-12-95  16:14  ece4f852 --w-  CONF.C
  24021  DeflatX   6557  73%  06-25-95  07:46  d1662f85 --w-  CONIO.C
   7840  DeflatX   1838  77%  04-25-95  19:34  343597e6 --w-  CONNECT1.C
  10761  DeflatX   3156  71%  04-25-95  19:34  2ce119cb --w-  CONVERT.C
  19178  DeflatX   4134  79%  08-12-95  18:31  ebb1c8be --w-  DEFAULTS.C
  12012  DeflatX   2967  76%  04-25-95  19:34  bc605a8c --w-  DIREDIT.C
 164203  DeflatX  18695  89%  09-07-95  07:51  2eff2e67 --w-  ENGLISH.STR
   9037  DeflatX   2262  75%  04-25-95  19:34  39dcfdae --w-  EXTRN.C
  25675  DeflatX   7143  73%  08-11-95  06:00  53862045 --w-  EXTRN1.C
  33086  DeflatX   8157  76%  04-22-95  07:35  64a0a5d5 --w-  FCNS.H
    602  DeflatX    342  44%  12-03-94  16:01  669a5749 --w-  FEDIT.RIP
    444  DeflatX    296  34%  05-13-95  12:19  0f748180 --w-  FILE_ID.DIZ
  34148  DeflatX   8177  77%  04-27-95  18:56  7ae836c0 --w-  FIX.C
    773  DeflatX    417  47%  12-03-94  16:01  05a1e0fb --w-  FSED.RIP
  12910  DeflatX   3215  76%  05-12-95  10:22  bc126931 --w-  GFILES.C
   8756  DeflatX   2566  71%  04-25-95  19:34  3dd00ddd --w-  GFLEDIT.C
    274  DeflatX    159  42%  09-14-94  17:09  e2020d86 --w-  GOODBYE.RIP
    276  DeflatX    161  42%  08-17-94  10:50  6a6b943a --w-  HELLO.RIP
  37279  DeflatX  11627  69%  01-23-94  08:05  322fd4c2 --w-  HELP.MSG
   9584  DeflatX   2899  70%  04-29-95  11:05  7e6d0aa1 --w-  INI.C
    525  DeflatX    216  59%  04-17-94  14:26  9bb6fcc0 --w-  INI.H
   5763  DeflatX    566  91%  06-25-95  07:49  d9a05555 --w-  INI.STR
 132832  DeflatX  68076  49%  07-14-95  08:40  a8eb2945 --w-  INIT.EXE
  13281  DeflatX   3342  75%  05-12-95  16:15  2012dde7 --w-  INSTMSG.C
   1707  DeflatX    658  62%  04-25-95  19:34  d0dc3770 --w-  INSTMSG.H
   1134  DeflatX    600  48%  11-22-93  19:20  e37a104b --w-  LICENSE.TXT
  24845  DeflatX   6933  73%  08-21-95  17:26  38b5b9cd --w-  LILO.C
  13810  DeflatX   4036  71%  03-29-95  06:34  4cb06918 --w-  MENUS.MSG
  15817  DeflatX   4110  75%  03-04-95  06:58  ee6ab6f9 --w-  MENUSANS.MSG
   3010  DeflatX    896  71%  05-20-95  14:25  9e979e30 --w-  MENUSLCL.MSG
  23161  DeflatX   5376  77%  05-20-95  14:32  151a6009 --w-  MENUSSOF.MSG
   7076  DeflatX   1852  74%  08-06-95  15:41  7b561121 --w-  MINIESM.C
  25053  DeflatX   6152  76%  07-21-95  17:18  436bdd27 --w-  MISCCMD.C
  35240  DeflatX   7495  79%  09-13-95  17:56  125fed67 --w-  MMENU.C
   5742  DeflatX   1913  67%  08-06-95  15:27  7fc3bd63 --w-  MODEM.C
 269539  DeflatX  27318  90%  07-16-95  18:36  f2bf13cd --w-  MODEMS.MDM
  47921  DeflatX  11428  77%  07-14-95  18:25  e00dc18f --w-  MSGBASE.C
  44167  DeflatX  10138  78%  07-15-95  10:02  8a1e213a --w-  MSGBASE1.C
   8405  DeflatX   1729  80%  06-25-95  07:42  aa1830d5 --w-  MULTINST.C
   8053  DeflatX   2461  70%  04-25-95  19:34  ebb5b4d2 --w-  MULTMAIL.C
  11024  DeflatX   3470  69%  04-25-95  19:34  183e9882 --w-  NET.H
  26149  DeflatX   6239  77%  06-28-95  05:48  438f2aff --w-  NETSUP.C
  24315  DeflatX   5667  77%  08-24-95  18:15  4894be84 --w-  NEWUSER.C
    301  DeflatX    182  40%  08-17-94  10:51  d96d5cb3 --w-  NEWUSER.RIP
   2534  DeflatX    891  65%  04-25-95  17:43  2f8ef16e --w-  ORDER.FRM
   5406  DeflatX   2301  58%  04-21-95  06:37  7f1f6f7c --w-  PRODUCT.TXT
    784  DeflatX    266  67%  04-27-95  17:07  f637ee1b --w-  QWK.ANS
  38657  DeflatX  10418  74%  07-12-95  07:08  87882025 --w-  QWK.C
   2458  DeflatX   1102  56%  11-18-94  20:08  19a71e33 --w-  QWK.H
    294  DeflatX    213  28%  04-27-95  17:07  9203faa7 --w-  QWK.MSG
  38458  DeflatX   9327  76%  07-12-95  07:07  37ad372b --w-  QWK1.C
   2207  DeflatX    698  69%  04-24-94  13:04  f4203595 --w-  QWKCFG.ANS
  23005  DeflatX   8215  65%  09-06-95  21:44  bc01b5d2 --w-  READ.ME
  25336  DeflatX   5447  79%  08-12-95  18:34  f4f2c24e --w-  READMAIL.C
  30905  DeflatX  12689  59%  08-06-95  17:54  1f78e008 --w-  README.424
   2062  DeflatX    987  53%  09-06-95  22:57  451f94be --w-  REGIONS.DAT
   2391  DeflatX    957  60%  04-21-95  06:39  d8e50eaf --w-  REGISTER.FRM
  53935  DeflatX  12825  77%  05-20-95  13:29  36128bbd --w-  RETURN.C
   1041  DeflatX    413  61%  03-19-95  11:59  bbc7a694 --w-  RIPINT.H
   1514  DeflatX    967  37%  03-03-95  11:16  955043ad --w-  RIPINT.OBJ
 170117  DeflatX 117821  31%  05-30-95  18:58  77dfd8b3 --w-  RIPMENUS.ZIP
  41899  DeflatX  11407  73%  08-09-95  06:04  279aa215 --w-  RIPOVL.C
   5417  DeflatX   1794  67%  06-25-95  08:03  7c864db5 --w-  RIPSPEED.C
   6739  DeflatX   1979  71%  04-25-95  19:33  ba5fa143 --w-  SHARE.C
    792  DeflatX    350  56%  04-25-95  19:33  92bb5ba9 --w-  SHARE.H
  29184  DeflatX  12128  59%  01-29-94  15:36  b41b0bff --w-  SHRNK.LIB
   3109  DeflatX   2076  34%  01-15-94  17:56  6b3fff23 --w-  SHRNKA.OBJ
   7583  DeflatX   2461  68%  09-04-94  08:30  9c84b0f3 --w-  SKELETON.C
  14019  DeflatX   3705  74%  04-25-95  19:33  c221a72a --w-  SR.C
   8070  DeflatX   2290  72%  04-25-95  19:33  6247e252 --w-  SRRCV.C
   6173  DeflatX   1990  68%  04-25-95  19:33  b11aa0d0 --w-  SRSEND.C
   8151  DeflatX   1970  76%  04-25-95  19:33  957a522c --w-  STRINGS.C
   1954  DeflatX    841  57%  04-25-95  19:33  25cb59b6 --w-  STRIP.C
  10766  DeflatX   3017  72%  04-25-95  19:33  3e187452 --w-  SUBACC.C
  20634  DeflatX   4837  77%  07-11-95  19:00  4beddfec --w-  SUBEDIT.C
  10697  DeflatX   2841  74%  04-25-95  19:33  e72f5e7b --w-  SUBREQ.C
   7732  DeflatX   2015  74%  04-25-95  19:33  d3ba2df5 --w-  SUBXTR.C
   1790  DeflatX    772  57%  04-25-95  19:33  3cd232cf --w-  SUBXTR.H
   7671  DeflatX   2353  70%  08-15-95  17:30  dd9da117 --w-  SUPPORT.LST
  19984  DeflatX   5333  74%  07-22-95  09:19  0b3badd9 --w-  SYSOPF.C
  13603  DeflatX   1685  88%  05-12-95  16:23  a01770c8 --w-  SYSOPLOG.STR
   7986  DeflatX   2031  75%  04-25-95  19:33  7fa72756 --w-  TEDIT.C
  23402  DeflatX   5143  79%  08-12-95  10:22  4127b4c9 --w-  UEDIT.C
   2092  DeflatX    914  57%  11-21-93  10:05  f70b928b --w-  UPGRADE.FRM
  41404  DeflatX  10007  76%  05-12-95  16:26  3f8398f0 --w-  UTILITY.C
   5365  DeflatX   2042  62%  04-21-95  06:37  02b4a39f --w-  UTILITY.LST
  39236  DeflatX  10850  73%  06-25-95  07:41  d484c855 --w-  VARDEC.H
   8721  DeflatX   2387  73%  02-06-95  21:02  05362a07 --w-  VARDEC1.H
   6333  DeflatX   2323  64%  04-25-95  19:33  0a48f112 --w-  VARS.H
    704  DeflatX    330  54%  07-14-95  08:40  b90f1dbc --w-  VERSION.C
   4100  DeflatX   1413  66%  04-25-95  19:33  4eb6b7d9 --w-  VOTEEDIT.C
    295  DeflatX    175  41%  12-26-94  15:35  3370a479 --w-  WELCOME.RIP
   8897  DeflatX   3117  65%  06-25-95  07:52  def83a0d --w-  WWIV.INI
    918  DeflatX    526  43%  12-03-94  16:01  09e0b257 --w-  WWIVEDIT.RIP
    535  DeflatX    303  44%  12-03-94  16:01  e0daa8ba --w-  WWIVMAIL.RIP
  27038  DeflatX   6789  75%  08-23-95  20:46  2629c811 --w-  XFER.C
  31277  DeflatX   7558  76%  07-15-95  07:39  1eb234a5 --w-  XFEROVL.C
  32074  DeflatX   7368  78%  08-19-95  11:58  2d59ad1d --w-  XFEROVL2.C
  23438  DeflatX   5437  77%  05-12-95  09:53  05b0fd23 --w-  XFERTMP.C
  39462  DeflatX  10230  75%  08-27-95  09:56  8f3eba9b --w-  XINIT.C
   8171  DeflatX   1984  76%  06-25-95  08:14  8cc73227 --w-  MAKEFILE.MAK
