7ÖÄÄÄÄÄÄÄÄÄÄÄÄÄÄÄÄÄÄÄÄÄÄÄÄÄÄÄÄÄÄÄÄÄÄÄÄÄÄÄÄÄÄÄÄÄÄÄÄÄÄÄÄÄÄÄÄÄ·
7º4              WWIV QWK Off-Line Reader Menu              7º
7ÇÄÄÄÄÄÄÄÄÄÄÄÄÄÄÄÄÄÄÄÄÄÄÄÄÄÄÄÄÄÄÄÄÄÄÄÄÄÄÄÄÄÄÄÄÄÄÄÄÄÄÄÄÄÄÄÄÄ¶0
7º 2%1>0 Set percent of all messages to dowload (Read OR Not) 7º0
7º 2B1>0 Bi-Transfer of QWK Packet and Reply Packet           7º0
7º 2C1>0 Configure Your QWK Settings                          7º0
7º 2D1>0 Download QWK Packet                                  7º0
7º 2Q1>0 Quit to Main Menu                                    7º0
7º 2S1>0 Configure Subs to Include                            7º0
7º 2U1>0 Upload Reply Packet                                  7º0
7ÓÄÄÄÄÄÄÄÄÄÄÄÄÄÄÄÄÄÄÄÄÄÄÄÄÄÄÄÄÄÄÄÄÄÄÄÄÄÄÄÄÄÄÄÄÄÄÄÄÄÄÄÄÄÄÄÄÄ½0

