[40m[2J[2;1H[4C[0;1;34mHit Enter to Quit and Save[10C^N to toggle [s
[u-> Numlock = Arrows[3;1H  [47mÚÄÄÄÄÄÄÄÄÄÄÄÄÄÄÄÄÄÄÄÄÄÄÄÄÄÄÄÄÄÄÄ[40m[s
[u[47mÄÄÄÄÄÄÄÄÄÄÄÄÄÄÄÄÄÄÄÄÄÄÄÄÄÄÄÄÄÄÄÄÄÄÄÄÄÄÄ¿[4;1H[2C³ [40m[s
[u[0;31;47mScan  E-Mail into QWK [1;33;44m[ ][47m   [0;31;47mA[40m[s
[u[47mrchiver              Max Messages per   [34m³[5;1H[2C[40m[s
[u[47m[1m³ [0;31;47mDelete scanned E-Mail [1;33;44m[ ][47m   [40m[s
[u[44m( )[47m [0;31;47mAsk at Arc time   Packet - [44m     [40m[s
[u[47m     [34m³[6;1H[2C[1m³ [0;31;47mSet NScan of messages [40m[s
[u[1;33;44m[ ][47m   [44m( )[47m                      [40m[s
[u[0;31;47mSub - [44m     [47m     [34m³[7;1H[2C[1m³ [40m[s
[u[0;31;47mPack Bulletin  in QWK [1;33;44m[ ][47m   [44m( )[40m[s
[u[47m                         [0;31;47m(0=Unlimited)[34m³[40m
[47m[8;1H[2C[1m³ [0;31;47mScan  for  new  files [1;33;44m[ ][40m[s
[u[47m   [44m( )[47m                                      [40m[s
[u[0;34;47m³[9;1H[2C[1m³ [0;31;47mRemove  Routing  info [40m[s
[u[1;33;44m[ ][47m   [44m( )[47m                              [40m[s
[u[47m        [0;34;47m³[10;1H[2C[1m³                        [40m[s
[u[47m                                              [0;34;47m³[40m
[47m[11;1H[2C[1m³ [0;31;47mDo  not change colors [1;33;44m( )[40m[s
[u[47m   [0;31;47mDefault Protocol -                       [34m[40m[s
[u[47m³[12;1H[2C[1m³ [0;31;47mRemove   heart  codes [40m[s
[u[1;33;44m( )[47m                                            [40m[s
[u[0;34;47m³[13;1H[2C[1m³ [0;31;47mConvert colors 2 ANSI [40m[s
[u[1;33;44m( )[47m  [46m [0;31;46mSelect Protocol [47m [46m [40m[s
[u[46mQuit and Save [47m [46m Abort [47m [34m³[14;1H[2CÀÄÄÄ[40m[s
[u[47mÄÄÄÄÄÄÄÄÄÄÄÄÄÄÄÄÄÄÄÄÄÄÄÄÄÄÄÄÄÄÄÄÄÄÄÄÄÄÄÄÄÄÄÄÄÄÄÄÄÄÄÄÄÄÄÄÄÄÄ[40m[s
[u[47mÄÄÄÄÄÄÄÄÙ[15;1H[4C[1;40mIf you have the Numlock above on 'Num[s
[ubers' be sure to also have YOUR[16;1H    Numlocks  turned on in  ord[s
[uer to use your  number pad as  arrow keys[17;1H[16C[37mUse the TAB[A
[27C key to jump from field to field[0m
