
                =============================================
                | The Official WWIV Support Bulletin Boards |
                =============================================
                Last Updated: 8/14/95  Latest For WWIV v4.24a


                         --> CORE Support Systems <--


210-631-5841  The Dragon's Den                  [81006] Filo
              BPS: 28800 !$          HD Storage: 512 (102)    Wig De Moville
              SDS, AutoVal               August, 1988         McAllen, TX
              WWIVnet: 4000 (GC4)      WWIVLink: 2050         IceNET: 2050


704-553-8090* The Funny Farm (East)             [90627] Benny Hill
              BPS: 33600 <!$         HD Storage: 1275 (93)    Joseph Rybaczek
              SDS, ASV                  October, 1989         Charlotte, NC
              WWIVnet: 6000 (GC6)      WWIVLink: 17400        IceNET: 7400

* NOTE - The Funny Farm will be moving to the 910 area code in November 1995.
  The new number should be on recording when this move takes place, so try
  to call the 704-553-8090 number to get the new phone number at that time.


314-644-5777  The Fellowship                    [90209] Tolkien
              BPS: 28800 <!$         HD Storage: 410 (17)     Jon Rickher
                                          March, 1990         St. Louis, MO
              WWIVnet: 2000 (GC2)      WWIVLink:              IceNET:


209-491-0782  Anything Goes BBS                 [20791] Chris
              BPS: 14400 !$          HD Storage: 137 (27)     Chris Yarnell
              ASV, SDS                    March, 1992         Modesto, CA
              WWIVnet: 11114           WWIVLink: 22914        IceNET: 2914


409-729-1319  Sam's BBS                         [21121] Sam
409-729-1418  BPS: 28800 <!$         HD Storage: 8100 (65)    Sam Morris
              ASV                      November, 1993         Port Neches, TX
              WWIVnet: 4051            WWIVLink:              IceNET: 4904


818-848-4101  Blue Thunder BBS                  [21232] JAFO
              BPS: 28800 <!$         HD Storage: 2750 (110)   Cris McRae
              ASV                      November, 1993         Burbank, CA
              WWIVnet: 3809            WWIVLink: 18857        IceNET: 8857
              TerraNET: 1


301-498-1984  Eagle's Dare                      [20810] Frank Reid
              BPS: 28800  !$         HD Storage: 2200 (100)   Frank Reid
              ASV                      November, 1990         Laurel, MD
              WWIVnet: 8213            TerraNET: 3104         IceNET: 3104


803-731-0690  The Trading Post [SOUTH]          [30646] Morgul
              BPS: 28800 <!$         HD Storage: 1700 (135)   Craig Dooley
              ASV                      November, 1993         Columbia, SC
              WWIVnet: 6100            WWIVLink: 18315        IceNET: 8315



                       --> Non-CORE Support Systems <--


309-664-0881  Adventurer's Corner               [10419] ShadowSpawn
              BPS: 33600 <!?$~       HD Storage: 1200 (2)     Scott Kuntzelman
              SDS, ASV                September, 1990         Illinois
              WWIVnet: 4190            WWIVLink: 13900 (ZC3)  IceNET: 3900


303-755-1884  Erana's Peace [ASV]               [10407] Aldur
              BPS: 28800 <!$         HD Storage: 1048 (58)    John Pinar
              ASV, SDS                   August, 1992         Aurora, CO
              WWIVnet: 11314           WWIVLink: 13301        IceNET: 3314
        

704-480-0456  The Sandbox ][ [ASV]              [11107] Sandman
              BPS: 33600 <!$~?       HD Storage: 1080 (66)    Warren Reed
              ASV, SDS                   August, 1990         Shelby, NC
              WWIVnet: @6050             IceNET:


508-795-7672  The Bears Cave                    [20778] (_)Rsan
              BPS: 28800 !$          HD Storage: 850 (40)     Bil McArthur
              ASV                       January, 1993         Worcester, MA
              WWIVnet: 9200            WWIVweb: 1 (NC)        IceNET:5814


409-830-0719  Mental Meltdown                   [30590] Sparky
              BPS: 28800 !$          HD Storage: 680 (20)     Bill Bowers
              ASV                      November, 1993         Brenham, TX
              WWIVnet: 4903            WWIVLink:              IceNET: 4903


604-578-7631  The BS BBS [GSA/ASV]              [81101] Computer King
              BPS: 14400 !$          HD Storage: 120 (32)     Geoff Larsen
              ASV                      November, 1993         Kamloops, BC
              WWIVnet: 20851           WWIVLink:              IceNET: 6401



916-222-8911  Maestro BBS                       [30305] Music Man
              BPS: 28800 !$          HD Storage: 213 (55)     Chris Nicholson
              ASV                      November, 1993         Redding, CA
              WWIVnet: 10330           WWIVLink:              IceNET: 9680


909-988-8817  The South Ontario BBS             [90010] John Scheuplein
              BPS: 14400 <!$         HD Storage: 120 (20)     John Scheuplein
              ASV                      November, 1993         Ontario, CA
              WWIVnet: 1611            WWIVLink: 19911        IceNET: 9911


314-940-1253  The Dawg House                    [20518] Dawg
              BPS: 33600 !$~        HD Storage: 500 (60)    Lawrence Bensinger
              ASV                          May, 1995        St. Charles, MO
              WWIVnet: 2121           WWIVLink: 3472        IceNET: 3487


510-522-3583  StarPort Valhalla                 [30962] Pƒpƒ áˆƒr
              BPS: 28800  !$         HD Storage: 2200 (27)    Tracy L. Baker
              ASV                           May, 1995         Alameda, CA
              WWIVnet: 11579           WWIVLink: 15061        IceNET: 5079


617-247-3383  Data Express                      [38682] Will
              BPS: 14400  !$         HD Storage: 1100 (20)    Will Crawford
              ASV                           May, 1995         Boston, MA
              WWIVnet: 9351            WWIVLink:              IceNET: 6754


716-826-6072  Starpoint Technology Station      [31176] Special Agent
716-826-0416  BPS: 28800 !$          HD Storage: 1031 (112)   Frank Broughton
              AutoVal                       May, 1995         Buffalo, NY
              WWIVnet: 12183           WWIVLink: 17672        IceNET: 7672


314-348-5520  MIKE'S RESORT BBS                 [20562] Ken Carpenter
314-348-5517  BPS: 16800 <!$         HD Storage: 5000 (20)    Ken Carpenter
              ASV                           May, 1995         Osage Beach, MO
              WWIVnet: 2112            WWIVLink:              IceNET:



                          --> WWIV Internet Site <--

                      FTP access at ftp.wwiv.com
                      WEB access at http://www.wwiv.com/



---------------------------------------------------------------------------

Legend:

BBS Phone Number  BBS Name                      [REG #] SysOp Handle
        BBS Rate               HD Storage: MB (WWIV)    SysOp Real Name
        Special Features       Member Since             Location of BBS
        WWIVnet Info           WWIVLink Info            IceNET Info
        OTHERnet Info

Special Features:  ASV - Auto Sysop Validation
                   SDS - Source Distribution Site

Modem INFO Codes: / CompuCom CSP       ! V32              $ V32bis
                  < USRobotics HST     > Hayes V Series
