            Listing of some Utilites for WWIV
                 collected by Joe Barbara

 How to Read the list:
 
 FILENAME.EXT  ID  MM/YR  Description of file goes here.
   by: Author Name        More description.
   Registration fee if any.

  ID = PD, SW, CM for Public Domain, Shareware, Commercial
       respectively.

  MM/YR is Month/Year added or updated

  Most all these programs should be available at any
  support BBS.  Refer to the support BBS list for one
  closest to you.

 DFRAG2xx.ZIP  SW   1/94  Message base/EMAIL.DAT
                          defragging program. Also
   by: Spackle            repairs files/messages.
   $15 registration.

 PAGEME2A.ZIP  PD   1/94  Small but GOOD Super Chat Pager
                          for WWIV. Can set high and low
   by: Jason Johnson      times, custom registration
                          available.

 WCHT3xxx.ZIP  SW   5/94  Replacement Chatroom for inter
                         -instance chat.  Lots of new
   by: Joe Barbara        features. TRY IT!
   $20 registration.

 NETL285 .ZIP  SW   1/94  WWIV Network Analysis Program
                          (single/multinet)
   by: Aldur
   Unknown Fee.

 ALIASxxx.ZIP  PD   1/94  Alias - Converts the real name
                          to handle in CHAIN.TXT.
   by: Cris McRae

 AUTOSxxx.ZIP  SW   3/94  AutoSend - A Full-Featured
                          Network Sub Host Utility.
   by: Cris McRae         Too many features to list.
   $15 registration

 BDAYxxx .ZIP  SW   2/94  Birthday - A Birthday List
                          Generator and Logon Event
   by: Cris McRae         Viewer.
   $5 registration

 ECLWxxxx.ZIP  SW   2/94  Eclipse is a full featured
                          offline mail reader designed
   by: Will Hobday        specfically for WWIV/WOMR.
   $20 registration

 WLxx    .ZIP  SW   2/94  WWIVList is a viewer for text
                          files with embedded WWIV color
   by: Will Hobday        codes.
   Free!

 WOMRxxxx.ZIP  SW   2/94  WOMR is an easy to install, easy
                          to use mail door for WWIV.
   by: Will Hobday
   $30 for WOMR and WOMR-QWK!

 WQWKxxxx.ZIP  SW   2/94  WOMR-QWK is an easy to install,
                          easy to use QWK mail door for
   By: Will Hobday        WWIV.
   $30 for WOMR-QWK and WOMR!

 WWIVESEx.ZIP  SW   1/94  External String Editor For WWIV
                          v4.22 and Higher. Very Easy to
   by: Martin Bourdages   use, import/export.
   Unknown Fee.

 NETCOM21.ZIP  PD   1/94  Network Utility - Updating over
                          networks.
   by: Perry Navarro      Current version v2.1
 
 ELN2x.ZIP     SW   4/94  Network packet editor - like
                          LNET with GUI+mouse, header
   by: Starship Trooper   edit, extract, reroute, delete.
   $15 registration.

 PMELLNET.ZIP  SW   4/94  ELLNET net packet editor for
                          OS/2 Pres. Manager Slick GUI,
   by: Starship Trooper   internal multitasking.
   $15 registration.

 NSTATxx.ZIP   SW   4/94  Automatically log all net
                          traffic thru your system.
   by: Starship Trooper   Create reports of how much
   $10 registration       systems send/recv.

 STRIPIT2.ZIP  SW   4/94  Net preprocessor to remove ansi
                          and taglines, and delete
   by: Starship Trooper   delete incoming msgs from
   $5 registration.       "fools".

 STRCOM11.ZIP  PD   4/94  Small and fast WWIV stringfile
                          compiler/decompiler.  Edit
   by: Starship Trooper   string files as text with any
                          ASCII editor.

 WNETD.ZIP     PD   4/94  Front end for network mail
                          handling programs.
   by: Starship Trooper
   Free.

 KLINTxx.ZIP   PD   4/94  Klintonov, displays random
                          Clinton bashing tags, supports
   by: Bull Ship          WWIV color, used normally as a
                          logon event

 LINKUPVx.ZIP  SW   4/94  LinkUp - Network Update
                          Software, nice interface, with
   by:  Jason Whelan      mouse support.
   $15 registration

 NETPROVx.ZIP  SW   4/94  NetPro - NETWORK2 preproc.  Has
                          many NICE features,
   by:  Jason Whelan      E-mail 1@5213(4205)WWIVnet!
   $10 registration

 WHELNETx.ZIP  SW   4/94  WhelNet - LNET replacement,
                          NICE interface, new LNET
   by:  Jason Whelan      options E-Mail 1@5213(4205)!

 WWIVVGAx.ZIP  SW   4/94  WWIVVGA - Allows VGA Planets
                          games to be played in WWIV
   by: Jason Whelan       networks,
   E-Mail 1@5213(4205)WWIVnet!

 Attention Writers of WWIV Utilities

 Please send any sumbmissions in the above format to
 1@4230 to be added to the list.  When a new version of
 WWIV is released all info must be updated as this list
 will only contain utilities that are are compatable with
 the current version.


 FILENAME.EXT  ID         Description
   by: Author             Description line 2
   One Email Address
   Registration Fee

 Please send this information to 1@4230 WWIVnet.
 [NOTE:  4230 is in the process of moving.  If that address
 is unknown, please send the information to 1@4000.]

