[?7h[40m[2J[1C[0;31mฒ฿Û Û฿ฒ฿ฐ Ûฑ฿ฒÛÜฐÛÛÜÜÛÜ[5CÜÜÜÛ฿฿฿[6C฿฿฿฿฿฿฿  ฿฿฿   ฿฿฿  ฿ ฿ÛÛÜÛ฿   ÛÛ฿ÜÛÜ
ฒฑ ฿[6CÜ ÜÜÜ ÜÜ[5Cฒฒ ÜÛÛ[50C[1;30mฐ[3;1H[0;31mฑ  ฑ    ÛÜ ฿   ฿ ฿ÛÜÜ  ฒ Û฿[52C[1;30mฐ[4;1Hฐ[0;31mฐ [1;30m฿  [0;31mÜ฿฿[11CÛ   ฐฒ[53C[1;30mฐ[5;1Hฐ Û  [0;31mÜ฿    [1;30m฿ÜÜ  Ü฿   [0;31mÛÜ  ฑ    ÛÛÛ    ÛÛÛÛ  ÛÛÛÛ  ÛÛÛ    ÛÛÝ ÞÛÛ  Û  Û  ÛÛÛ[5C[1;30mฐ[6;1Hฐ  Û[0;31mÜ฿[7C[1;30m฿Û฿[7C[0;31mÛ ฐ    [30;41mฐ[2Cฐ[3Cฐ[2Cฐ[2Cฐ[2Cฐ[2Cฐ[2Cฐ[3Cฐ[1Cฐ[1Cฐ[1Cฐ[2Cฐ[2Cฐ[2Cฐ[2Cฐ[40m
[1mฐ ฿ฒ[0;31m฿Ü   [1;30m฿Ü[31m฿ [30mÜ฿Ü [31m฿ [30mÜ฿  [0;31mÛ ฐ   [37mอ[31mฒ[37mอฤ[31mÞÝ[37mอฤ[30;41mฒ[37;40mอฤ[31mฒ[37mอฤ[31mฒ[37mอฤ[31mฒ[37mอฤ[30;41mฒฒฒ[37;40mออฤฤ[31mฒ[37mอฤ[30;41mฒ[37;40mอฤ[30;41mฒ[37;40mอฤ[30;41mฒ[37;40mอฤ[30;41mฒ[37;40mอฤ[30;41mฒ[37;40mอฤ[31mÞÝ[37mฤ  [1;30mฐ[8;1H  ฿  [0;31m฿Û    [1;30m฿ÛÜÜÛÛ฿฿   [0;31mÛ  ฐ    [30;41mฑ[2Cฑ[3Cฑ[2Cฑ[2Cฑ[2Cฑ[2Cฑ[2Cฑ[3Cฑ[5Cฑ[2Cฑ[2Cฑ[2Cฑ[2Cฑ[4C[1;40mฒ[9;1Hฐ ฿Ü  [0;31mÛÛ[5C[1;30m฿ ฿   [0;31mÜ Ü   ฑ    ÛÛÛ    ÛÛÛÛ  ÛÛÛÛ  Û  ÞÝ  Û[5CÛ  ÞÛÛÝ  ÛÛÛ[5C[1;30mฐ[10;1Hฒฒฐ    [0;31m฿฿ Ü  [1;30m฿ÛÜ฿  [0;31mÜ฿    ฒ[53C[1;30mฑ[11;1Hฐฑฑฐ[5C[0;31m฿Ü[8C฿Û Ü฿ Û[53C[1;30mฐ[12;1H   ฐ[0;31m฿Ü   [1;33mÜ฿[7C[0;31mÜÛ[1;33mÜ[0;31mÛ฿  ฒ [37mีอออออออออออออออออออออออออออออออออออออออออออออออออธ [1;30mฑ[13;1H[0;31mÜ฿  [1;33;41mÜ[1C[0;31m฿Û [1;33mÜ[41m฿Ü[40m฿  [0;31mÜ฿ÜÛ[1;33mÛ฿ [0;31mÜ  ฑ [37mณ[1;41mT H E   L A N D   O F   T H E   F O R G O T T E N[0mณ
 [31m฿[1;30mÜÛ[33;41mÜ [40mÜ[41m฿Ü[40mÜ฿[41m [0;31mÜ฿ÜÛ฿[1;33;41mÜ฿Ü[0;31mÜ฿[1;33;41m฿[2C[0;31mฐ [37mิอออออออออออออออออออออออออออออออออออออออออออออออออพ [31mฑ[15;1H ฿ [1;30mÛ[33m฿Û[0;31mÜ[1;33;41mÜ฿ Ü[0;31mÜ฿Û[1;33m฿ [41mÜ Ü[0;31mÛ[1;33;41mÛ[1C[40mÜ [0;31mฐ[1;30mฐ
 [0;31mÝ [1;30mÛ[0;31mÜ฿[1;33;41m฿Û฿[0;31m฿Ü[1;33;41m฿[2C[40mÛÜ[41m฿Ü[40m฿฿ ฿  [0;31mฑ[1;30mฑ[52CÜ[0;31mฑ[17;1HÛÜÜÛ฿฿   ÛÜÛÛ฿฿ÛÛ฿฿ÛÜÛÛÛ฿[1;30m฿ÛฒÜฑÜÜ [0;31mÜÜ   Ü[1;30mÜÜÜÜ Ü  [0;31mÜÜ [1;30mÜ ÜÜ ÜÜ฿฿  [0;31mÜÜÜÛÛ ฿฿ ÜÛÛ  ÜÜ ฿[0m
