---
Conversations at the Inn

[0;1;32;40mDumuzi:
[0;32;40mI'm going to get all of you dirty scumballs!

[0;1;32;40mBoissay:
[0;32;40mTell me now!

[0;1;32;40mEgil:
[0;32;40mAre there any uglies here?

[0;1;32;40mYum Kax:
[0;32;40mMy Master is not you!

[0;1;32;40mChangis Cham:
[0;32;40mI'm for hire today!
