    [0;1;30mњ њ њ њ њ њ њ њ њ њ њ њ њ њ њ њ њ њ њ њ њ њ њ њ њ њ њ њ њ њ њ њ њ њ њ њ
  њ[34C[0;31mон[34Cон [1;30mњ
њ [31mмллллллллм млллллм плллллллм[7C[0;31mлл[34Cлл   [1;30mњ
[31mмп  м[5Cплл м   плл лл[6Cп[5C[0;31mо[41m  [40mн[32Cоллн  [1;30mњ
њ  [31mлл[5Cолнлл    лл лл[12C[41m    [32C[0;31mл[1;37;41mмм[0;31mл  [1;30mњ
њ  [31mлл мммллп лл   ллн лл[11C[0;31mо[1;37;41mмллм[0;31mн[30Cо[1;37mлллл[0;31mн [1;30mњ
њ  [31mлл ппплм  ллллллп  ллллллм[7C[37mл  л[12C[0mГ[31mлл    [37mГ[31mлл[10C[1;37mл  л  [30mњ
њ  [31mлл[5Cлл лл плм   лл[12C[37mлллл[12C[0mГ [1mмммм [0mГ[12C[1mлллл  [30mњ
њ  [31mлл[5Cллнлл  олн  лл[11C[37mлл  лл[6Cмммллллллллллллммм[6Cлл  лл [30mњ
њ[31mм лл    мллнлл   лл  лл[6Cпм   [37mлллллллллллллллллл[43mпппппп[40mлллллллллллллллллл [30mњ
њ [31mлллллллллпмллм  лл млллллллллп   [37mлл  л л л л л ллл[43mн [30mАААА [37mо[40mллл л л л л л  лл [30mњ
[0;31mЭЭЭЭЭЭЭЭЭЭЭЭЭЭЭЭЭ [1mлл м [0;31mЭЭЭЭЭЭЭЭЭ   [1;37mллллллллллллллллл[43m [30mАААААА [37;40mллллллллллллллллл [30mњ
њ [33mB[0marren[11C[1;31mпп[12C[37mмлллллллллллллллллл[43m [30mАААААА [37;40mллллллллллллллллллм
[30mњ[6C[33mR[0mealms[65C[1;30mњ
  њ[9C[33mE[0mlite    [31mФФФ[1mФЭЭ[0mFrom [1mThe Solar Realms [0mBBS[1;31mЭЭФ[0;31mФФФ[18C[1;30mњ
    њ[28C[0;35m([1m713[0;35m)[1m855[0;35m-[1m1665[28C[30mњ
[6Cњ њ њ њ њ њ њ њ њ њ њ њ њ њ њ њ њ њ њ њ њ њ њ њ њ њ њ њ њ њ њ њ њ њ
[12C[0mWell, it's not *really* BRE.  Let's just pretend...[0m
